// Jest Snapshot v1, https://goo.gl/fbAQLP

exports[`index index api 1`] = `
[
  "formatLocale",
  "isValidCode",
  "lookupLocaleInfo",
  "normalizeCode",
  "parseLocale",
]
`;
