// Vitest Snapshot v1, https://vitest.dev/guide/snapshot.html

exports[`About Panel Verification > tests the snapshot 1`] = `
<div>
  <h1>
    <img
      src="/src/viewer/images/SpellCheck.xs.png"
      style={
        {
          "paddingBottom": "8px",
          "verticalAlign": "middle",
        }
      }
    />
    <span>
      Â Code Spell Checker
    </span>
  </h1>
  <button
    className="MuiButtonBase-root MuiButton-root WithStyles(ForwardRef(Button))-root-1 MuiButton-contained MuiButton-containedPrimary WithStyles(ForwardRef(Button))-containedPrimary-2"
    disabled={false}
    onBlur={[Function]}
    onClick={[Function]}
    onDragLeave={[Function]}
    onFocus={[Function]}
    onKeyDown={[Function]}
    onKeyUp={[Function]}
    onMouseDown={[Function]}
    onMouseLeave={[Function]}
    onMouseUp={[Function]}
    onTouchEnd={[Function]}
    onTouchMove={[Function]}
    onTouchStart={[Function]}
    tabIndex={0}
    type="button"
  >
    <span
      className="MuiButton-label"
    >
      Refresh
    </span>
  </button>
  <h2>
    Options
  </h2>
  <div>
    <div>
      <ul
        className="MuiList-root WithStyles(ForwardRef(List))-root-4 MuiList-padding"
      >
        <li
          className="MuiListItem-container"
        >
          <div
            className="MuiListItem-root MuiListItem-gutters MuiListItem-secondaryAction"
            disabled={false}
            onClick={[Function]}
          >
            <div
              className="MuiListItemIcon-root"
            >
              <svg
                aria-hidden={true}
                className="MuiSvgIcon-root"
                focusable="false"
                viewBox="0 0 24 24"
              >
                <path
                  d="M19.14 12.94c.04-.3.06-.61.06-.94 0-.32-.02-.64-.07-.94l2.03-1.58c.18-.14.23-.41.12-.61l-1.92-3.32c-.12-.22-.37-.29-.59-.22l-2.39.96c-.5-.38-1.03-.7-1.62-.94l-.36-2.54c-.04-.24-.24-.41-.48-.41h-3.84c-.24 0-.43.17-.47.41l-.36 2.54c-.59.24-1.13.57-1.62.94l-2.39-.96c-.22-.08-.47 0-.59.22L2.74 8.87c-.12.21-.08.47.12.61l2.03 1.58c-.05.3-.09.63-.09.94s.02.64.07.94l-2.03 1.58c-.18.14-.23.41-.12.61l1.92 3.32c.12.22.37.29.59.22l2.39-.96c.5.38 1.03.7 1.62.94l.36 2.54c.05.24.24.41.48.41h3.84c.24 0 .44-.17.47-.41l.36-2.54c.59-.24 1.13-.56 1.62-.94l2.39.96c.22.08.47 0 .59-.22l1.92-3.32c.12-.22.07-.47-.12-.61l-2.01-1.58zM12 15.6c-1.98 0-3.6-1.62-3.6-3.6s1.62-3.6 3.6-3.6 3.6 1.62 3.6 3.6-1.62 3.6-3.6 3.6z"
                />
              </svg>
            </div>
            <div
              className="MuiListItemText-root"
            >
              <span
                className="MuiTypography-root MuiListItemText-primary MuiTypography-body1 MuiTypography-displayBlock"
              >
                Debug Mode
              </span>
            </div>
          </div>
          <div
            className="MuiListItemSecondaryAction-root"
          >
            <span
              aria-disabled={false}
              className="MuiButtonBase-root MuiIconButton-root PrivateSwitchBase-root-10 MuiCheckbox-root WithStyles(ForwardRef(Checkbox))-root-5 MuiCheckbox-colorSecondary WithStyles(ForwardRef(Checkbox))-colorSecondary-7 MuiIconButton-colorSecondary"
              onBlur={[Function]}
              onDragLeave={[Function]}
              onFocus={[Function]}
              onKeyDown={[Function]}
              onKeyUp={[Function]}
              onMouseDown={[Function]}
              onMouseLeave={[Function]}
              onMouseUp={[Function]}
              onTouchEnd={[Function]}
              onTouchMove={[Function]}
              onTouchStart={[Function]}
              tabIndex={null}
            >
              <span
                className="MuiIconButton-label"
              >
                <input
                  checked={false}
                  className="PrivateSwitchBase-input-13"
                  data-indeterminate={false}
                  onChange={[Function]}
                  type="checkbox"
                />
                <svg
                  aria-hidden={true}
                  className="MuiSvgIcon-root"
                  focusable="false"
                  viewBox="0 0 24 24"
                >
                  <path
                    d="M19 5v14H5V5h14m0-2H5c-1.1 0-2 .9-2 2v14c0 1.1.9 2 2 2h14c1.1 0 2-.9 2-2V5c0-1.1-.9-2-2-2z"
                  />
                </svg>
              </span>
            </span>
          </div>
        </li>
      </ul>
    </div>
  </div>
  
</div>
`;
