// Vitest Snapshot v1, https://vitest.dev/guide/snapshot.html

exports[`index > index api 1`] = `
[
  "formatLocale",
  "isValidCode",
  "lookupLocaleInfo",
  "normalizeCode",
  "parseLocale",
]
`;
