// Vitest Snapshot v1, https://vitest.dev/guide/snapshot.html

exports[`api > Creating a Server API 1`] = `
[
  "clientNotification.onStateChange",
  "serverNotification.openTextDocument",
  "serverNotification.showInformationMessage",
  "serverRequest.getCurrentDocument",
  "serverRequest.getDocSettings",
  "serverRequest.getLogDebug",
  "serverRequest.getTodos",
  "serverRequest.resetTodos",
  "serverRequest.setLogDebug",
  "serverRequest.setTodos",
  "serverRequest.watchFields",
  "serverRequest.whatTimeIsIt",
]
`;

exports[`api > Creating a Server API 2`] = `
[
  "function",
  "function",
  "function",
  "function",
  "function",
  "function",
  "function",
  "function",
  "function",
  "function",
  "function",
  "object",
]
`;

exports[`api > api 1`] = `
[
  "createClientSideSpellInfoWebviewApi",
  "createServerSideSpellInfoWebviewApi",
]
`;
