// Vitest Snapshot v1, https://vitest.dev/guide/snapshot.html

exports[`api > api 1`] = `
[
  "createClientSideSpellInfoWebviewApi",
  "createServerSideSpellInfoWebviewApi",
  "supportedViewsByName",
]
`;
