// Vitest Snapshot v1, https://vitest.dev/guide/snapshot.html

exports[`Validate configToJson > configToJson 'empty config' 1`] = `"{}"`;

exports[`Validate configToJson > configToJson 'sampleConfig' 1`] = `
"{
  \\"version\\": \\"0.2\\",
  \\"patterns\\": [
    {
      \\"name\\": \\"word\\",
      \\"pattern\\": \\"/^\\\\\\\\s*word/gim\\"
    }
  ],
  \\"ignoreRegExpList\\": [
    \\"/'.*'/g\\"
  ]
}"
`;
